# Rebuild wpebuild:cpp — 2026-07-15T00:47:51-03:00
# host: 6.19.5-x64v3-xanmod1 x86_64 GNU/Linux
# reference backup: external backup drive/Portsmaster/wpe-spike-engine-backup-20260715.zip
# command: docker buildx build --platform linux/arm64 -t wpebuild:cpp -f docker/Dockerfile .
-----
#0 building with "default" instance using docker driver

#1 [internal] load build definition from Dockerfile
#1 transferring dockerfile: 1.91kB done
#1 DONE 0.1s

#2 [internal] load metadata for docker.io/library/debian:bookworm
#2 DONE 1.6s

#3 [internal] load .dockerignore
#3 transferring context: 2B done
#3 DONE 0.0s

#4 [1/4] FROM docker.io/library/debian:bookworm@sha256:9344f8b8992482f80cba753f323adeaf17690076c095ccff6cc9536be98185dc
#4 resolve docker.io/library/debian:bookworm@sha256:9344f8b8992482f80cba753f323adeaf17690076c095ccff6cc9536be98185dc 0.0s done
#4 sha256:9344f8b8992482f80cba753f323adeaf17690076c095ccff6cc9536be98185dc 8.52kB / 8.52kB done
#4 sha256:4466bf7af8c14212301aa7b61cb9504f97041992e541eaad4af4ded52308037c 1.04kB / 1.04kB done
#4 sha256:fb4609219e61d2a3dc5ad2c041db51fc4d98551e002005ee95c361b18b3b8f0b 468B / 468B done
#4 sha256:445be8da0a7289e4b5d70a5c779ad63d484e76aa14fe2ad45893da9eb077e4e8 0B / 48.38MB 0.1s
#4 sha256:445be8da0a7289e4b5d70a5c779ad63d484e76aa14fe2ad45893da9eb077e4e8 4.19MB / 48.38MB 1.1s
#4 sha256:445be8da0a7289e4b5d70a5c779ad63d484e76aa14fe2ad45893da9eb077e4e8 7.34MB / 48.38MB 1.4s
#4 sha256:445be8da0a7289e4b5d70a5c779ad63d484e76aa14fe2ad45893da9eb077e4e8 11.53MB / 48.38MB 1.8s
#4 sha256:445be8da0a7289e4b5d70a5c779ad63d484e76aa14fe2ad45893da9eb077e4e8 14.68MB / 48.38MB 2.1s
#4 sha256:445be8da0a7289e4b5d70a5c779ad63d484e76aa14fe2ad45893da9eb077e4e8 18.87MB / 48.38MB 2.5s
#4 sha256:445be8da0a7289e4b5d70a5c779ad63d484e76aa14fe2ad45893da9eb077e4e8 23.07MB / 48.38MB 2.9s
#4 sha256:445be8da0a7289e4b5d70a5c779ad63d484e76aa14fe2ad45893da9eb077e4e8 26.21MB / 48.38MB 3.2s
#4 sha256:445be8da0a7289e4b5d70a5c779ad63d484e76aa14fe2ad45893da9eb077e4e8 30.41MB / 48.38MB 3.6s
#4 sha256:445be8da0a7289e4b5d70a5c779ad63d484e76aa14fe2ad45893da9eb077e4e8 34.60MB / 48.38MB 4.0s
#4 sha256:445be8da0a7289e4b5d70a5c779ad63d484e76aa14fe2ad45893da9eb077e4e8 37.75MB / 48.38MB 4.3s
#4 sha256:445be8da0a7289e4b5d70a5c779ad63d484e76aa14fe2ad45893da9eb077e4e8 41.94MB / 48.38MB 5.0s
#4 sha256:445be8da0a7289e4b5d70a5c779ad63d484e76aa14fe2ad45893da9eb077e4e8 45.09MB / 48.38MB 5.3s
#4 sha256:445be8da0a7289e4b5d70a5c779ad63d484e76aa14fe2ad45893da9eb077e4e8 48.38MB / 48.38MB 5.7s
#4 sha256:445be8da0a7289e4b5d70a5c779ad63d484e76aa14fe2ad45893da9eb077e4e8 48.38MB / 48.38MB 5.7s done
#4 extracting sha256:445be8da0a7289e4b5d70a5c779ad63d484e76aa14fe2ad45893da9eb077e4e8 0.1s
#4 extracting sha256:445be8da0a7289e4b5d70a5c779ad63d484e76aa14fe2ad45893da9eb077e4e8 2.0s done
#4 DONE 7.9s

#5 [2/4] RUN apt-get update -qq && apt-get install -y -qq --no-install-recommends       gcc g++       make cmake meson ninja-build pkg-config       libglib2.0-dev       libvorbis-dev libogg-dev       libasound2-dev       ca-certificates       git unzip rsync file curl     && rm -rf /var/lib/apt/lists/*
#5 84.65 debconf: delaying package configuration, since apt-utils is not installed
#5 85.12 Selecting previously unselected package perl-modules-5.36.
#5 85.12 (Reading database ...
(Reading database ... 5%
(Reading database ... 10%
(Reading database ... 15%
(Reading database ... 20%
(Reading database ... 25%
(Reading database ... 30%
(Reading database ... 35%
(Reading database ... 40%
(Reading database ... 45%
(Reading database ... 50%
(Reading database ... 55%
(Reading database ... 60%
(Reading database ... 65%
(Reading database ... 70%
(Reading database ... 75%
(Reading database ... 80%
(Reading database ... 85%
(Reading database ... 90%
(Reading database ... 95%
(Reading database ... 100%
(Reading database ... 6090 files and directories currently installed.)
#5 85.15 Preparing to unpack .../0-perl-modules-5.36_5.36.0-7+deb12u3_all.deb ...
#5 85.17 Unpacking perl-modules-5.36 (5.36.0-7+deb12u3) ...
#5 86.59 Selecting previously unselected package libgdbm6:arm64.
#5 86.60 Preparing to unpack .../1-libgdbm6_1.23-3_arm64.deb ...
#5 86.62 Unpacking libgdbm6:arm64 (1.23-3) ...
#5 86.93 Selecting previously unselected package libgdbm-compat4:arm64.
#5 86.94 Preparing to unpack .../2-libgdbm-compat4_1.23-3_arm64.deb ...
#5 86.95 Unpacking libgdbm-compat4:arm64 (1.23-3) ...
#5 87.26 Selecting previously unselected package libperl5.36:arm64.
#5 87.26 Preparing to unpack .../3-libperl5.36_5.36.0-7+deb12u3_arm64.deb ...
#5 87.27 Unpacking libperl5.36:arm64 (5.36.0-7+deb12u3) ...
#5 88.98 Selecting previously unselected package perl.
#5 88.98 Preparing to unpack .../4-perl_5.36.0-7+deb12u3_arm64.deb ...
#5 89.15 Unpacking perl (5.36.0-7+deb12u3) ...
#5 89.71 Selecting previously unselected package libssl3:arm64.
#5 89.72 Preparing to unpack .../5-libssl3_3.0.20-1~deb12u2_arm64.deb ...
#5 89.79 Unpacking libssl3:arm64 (3.0.20-1~deb12u2) ...
#5 90.92 Selecting previously unselected package libpython3.11-minimal:arm64.
#5 90.92 Preparing to unpack .../6-libpython3.11-minimal_3.11.2-6+deb12u8_arm64.deb ...
#5 90.99 Unpacking libpython3.11-minimal:arm64 (3.11.2-6+deb12u8) ...
#5 91.86 Selecting previously unselected package libexpat1:arm64.
#5 91.86 Preparing to unpack .../7-libexpat1_2.5.0-1+deb12u2_arm64.deb ...
#5 91.94 Unpacking libexpat1:arm64 (2.5.0-1+deb12u2) ...
#5 92.61 Selecting previously unselected package python3.11-minimal.
#5 92.62 Preparing to unpack .../8-python3.11-minimal_3.11.2-6+deb12u8_arm64.deb ...
#5 92.76 Unpacking python3.11-minimal (3.11.2-6+deb12u8) ...
#5 93.88 Setting up libssl3:arm64 (3.0.20-1~deb12u2) ...
#5 94.01 Setting up libpython3.11-minimal:arm64 (3.11.2-6+deb12u8) ...
#5 94.27 Setting up libexpat1:arm64 (2.5.0-1+deb12u2) ...
#5 94.49 Setting up python3.11-minimal (3.11.2-6+deb12u8) ...
#5 101.4 Selecting previously unselected package python3-minimal.
#5 101.4 (Reading database ...
(Reading database ... 5%
(Reading database ... 10%
(Reading database ... 15%
(Reading database ... 20%
(Reading database ... 25%
(Reading database ... 30%
(Reading database ... 35%
(Reading database ... 40%
(Reading database ... 45%
(Reading database ... 50%
(Reading database ... 55%
(Reading database ... 60%
(Reading database ... 65%
(Reading database ... 70%
(Reading database ... 75%
(Reading database ... 80%
(Reading database ... 85%
(Reading database ... 90%
(Reading database ... 95%
(Reading database ... 100%
(Reading database ... 8429 files and directories currently installed.)
#5 101.4 Preparing to unpack .../00-python3-minimal_3.11.2-1+b1_arm64.deb ...
#5 101.4 Unpacking python3-minimal (3.11.2-1+b1) ...
#5 101.7 Selecting previously unselected package media-types.
#5 101.7 Preparing to unpack .../01-media-types_10.0.0_all.deb ...
#5 101.8 Unpacking media-types (10.0.0) ...
#5 102.1 Selecting previously unselected package libncursesw6:arm64.
#5 102.1 Preparing to unpack .../02-libncursesw6_6.4-4_arm64.deb ...
#5 102.1 Unpacking libncursesw6:arm64 (6.4-4) ...
#5 102.4 Selecting previously unselected package libkrb5support0:arm64.
#5 102.4 Preparing to unpack .../03-libkrb5support0_1.20.1-2+deb12u5_arm64.deb ...
#5 102.4 Unpacking libkrb5support0:arm64 (1.20.1-2+deb12u5) ...
#5 102.7 Selecting previously unselected package libk5crypto3:arm64.
#5 102.7 Preparing to unpack .../04-libk5crypto3_1.20.1-2+deb12u5_arm64.deb ...
#5 102.7 Unpacking libk5crypto3:arm64 (1.20.1-2+deb12u5) ...
#5 103.0 Selecting previously unselected package libkeyutils1:arm64.
#5 103.0 Preparing to unpack .../05-libkeyutils1_1.6.3-2_arm64.deb ...
#5 103.1 Unpacking libkeyutils1:arm64 (1.6.3-2) ...
#5 103.3 Selecting previously unselected package libkrb5-3:arm64.
#5 103.3 Preparing to unpack .../06-libkrb5-3_1.20.1-2+deb12u5_arm64.deb ...
#5 103.4 Unpacking libkrb5-3:arm64 (1.20.1-2+deb12u5) ...
#5 103.8 Selecting previously unselected package libgssapi-krb5-2:arm64.
#5 103.8 Preparing to unpack .../07-libgssapi-krb5-2_1.20.1-2+deb12u5_arm64.deb ...
#5 103.8 Unpacking libgssapi-krb5-2:arm64 (1.20.1-2+deb12u5) ...
#5 104.1 Selecting previously unselected package libtirpc-common.
#5 104.1 Preparing to unpack .../08-libtirpc-common_1.3.3+ds-1_all.deb ...
#5 104.1 Unpacking libtirpc-common (1.3.3+ds-1) ...
#5 104.4 Selecting previously unselected package libtirpc3:arm64.
#5 104.4 Preparing to unpack .../09-libtirpc3_1.3.3+ds-1_arm64.deb ...
#5 104.4 Unpacking libtirpc3:arm64 (1.3.3+ds-1) ...
#5 104.7 Selecting previously unselected package libnsl2:arm64.
#5 104.7 Preparing to unpack .../10-libnsl2_1.3.0-2_arm64.deb ...
#5 104.8 Unpacking libnsl2:arm64 (1.3.0-2) ...
#5 105.1 Selecting previously unselected package readline-common.
#5 105.1 Preparing to unpack .../11-readline-common_8.2-1.3_all.deb ...
#5 105.1 Unpacking readline-common (8.2-1.3) ...
#5 105.4 Selecting previously unselected package libreadline8:arm64.
#5 105.4 Preparing to unpack .../12-libreadline8_8.2-1.3_arm64.deb ...
#5 105.4 Unpacking libreadline8:arm64 (8.2-1.3) ...
#5 105.7 Selecting previously unselected package libsqlite3-0:arm64.
#5 105.7 Preparing to unpack .../13-libsqlite3-0_3.40.1-2+deb12u2_arm64.deb ...
#5 105.7 Unpacking libsqlite3-0:arm64 (3.40.1-2+deb12u2) ...
#5 106.2 Selecting previously unselected package libpython3.11-stdlib:arm64.
#5 106.2 Preparing to unpack .../14-libpython3.11-stdlib_3.11.2-6+deb12u8_arm64.deb ...
#5 106.2 Unpacking libpython3.11-stdlib:arm64 (3.11.2-6+deb12u8) ...
#5 107.1 Selecting previously unselected package python3.11.
#5 107.1 Preparing to unpack .../15-python3.11_3.11.2-6+deb12u8_arm64.deb ...
#5 107.1 Unpacking python3.11 (3.11.2-6+deb12u8) ...
#5 107.5 Selecting previously unselected package libpython3-stdlib:arm64.
#5 107.5 Preparing to unpack .../16-libpython3-stdlib_3.11.2-1+b1_arm64.deb ...
#5 107.5 Unpacking libpython3-stdlib:arm64 (3.11.2-1+b1) ...
#5 107.7 Setting up python3-minimal (3.11.2-1+b1) ...
#5 110.2 Selecting previously unselected package python3.
#5 110.2 (Reading database ...
(Reading database ... 5%
(Reading database ... 10%
(Reading database ... 15%
(Reading database ... 20%
(Reading database ... 25%
(Reading database ... 30%
(Reading database ... 35%
(Reading database ... 40%
(Reading database ... 45%
(Reading database ... 50%
(Reading database ... 55%
(Reading database ... 60%
(Reading database ... 65%
(Reading database ... 70%
(Reading database ... 75%
(Reading database ... 80%
(Reading database ... 85%
(Reading database ... 90%
(Reading database ... 95%
(Reading database ... 100%
(Reading database ... 8937 files and directories currently installed.)
#5 110.2 Preparing to unpack .../000-python3_3.11.2-1+b1_arm64.deb ...
#5 110.3 Unpacking python3 (3.11.2-1+b1) ...
#5 110.6 Selecting previously unselected package libpopt0:arm64.
#5 110.6 Preparing to unpack .../001-libpopt0_1.19+dfsg-1_arm64.deb ...
#5 110.6 Unpacking libpopt0:arm64 (1.19+dfsg-1) ...
#5 111.0 Selecting previously unselected package rsync.
#5 111.0 Preparing to unpack .../002-rsync_3.2.7-1+deb12u6_arm64.deb ...
#5 111.0 Unpacking rsync (3.2.7-1+deb12u6) ...
#5 111.4 Selecting previously unselected package libproc2-0:arm64.
#5 111.4 Preparing to unpack .../003-libproc2-0_2%3a4.0.2-3_arm64.deb ...
#5 111.5 Unpacking libproc2-0:arm64 (2:4.0.2-3) ...
#5 111.8 Selecting previously unselected package procps.
#5 111.8 Preparing to unpack .../004-procps_2%3a4.0.2-3_arm64.deb ...
#5 112.0 Unpacking procps (2:4.0.2-3) ...
#5 112.6 Selecting previously unselected package openssl.
#5 112.6 Preparing to unpack .../005-openssl_3.0.20-1~deb12u2_arm64.deb ...
#5 112.6 Unpacking openssl (3.0.20-1~deb12u2) ...
#5 113.2 Selecting previously unselected package ca-certificates.
#5 113.2 Preparing to unpack .../006-ca-certificates_20230311+deb12u1_all.deb ...
#5 113.2 Unpacking ca-certificates (20230311+deb12u1) ...
#5 113.6 Selecting previously unselected package libmagic-mgc.
#5 113.6 Preparing to unpack .../007-libmagic-mgc_1%3a5.44-3_arm64.deb ...
#5 113.6 Unpacking libmagic-mgc (1:5.44-3) ...
#5 114.1 Selecting previously unselected package libmagic1:arm64.
#5 114.1 Preparing to unpack .../008-libmagic1_1%3a5.44-3_arm64.deb ...
#5 114.1 Unpacking libmagic1:arm64 (1:5.44-3) ...
#5 114.4 Selecting previously unselected package file.
#5 114.4 Preparing to unpack .../009-file_1%3a5.44-3_arm64.deb ...
#5 114.4 Unpacking file (1:5.44-3) ...
#5 114.8 Selecting previously unselected package binutils-common:arm64.
#5 114.8 Preparing to unpack .../010-binutils-common_2.40-2_arm64.deb ...
#5 114.8 Unpacking binutils-common:arm64 (2.40-2) ...
#5 116.1 Selecting previously unselected package libbinutils:arm64.
#5 116.1 Preparing to unpack .../011-libbinutils_2.40-2_arm64.deb ...
#5 116.1 Unpacking libbinutils:arm64 (2.40-2) ...
#5 116.7 Selecting previously unselected package libctf-nobfd0:arm64.
#5 116.7 Preparing to unpack .../012-libctf-nobfd0_2.40-2_arm64.deb ...
#5 116.7 Unpacking libctf-nobfd0:arm64 (2.40-2) ...
#5 117.0 Selecting previously unselected package libctf0:arm64.
#5 117.0 Preparing to unpack .../013-libctf0_2.40-2_arm64.deb ...
#5 117.0 Unpacking libctf0:arm64 (2.40-2) ...
#5 117.4 Selecting previously unselected package libgprofng0:arm64.
#5 117.4 Preparing to unpack .../014-libgprofng0_2.40-2_arm64.deb ...
#5 117.4 Unpacking libgprofng0:arm64 (2.40-2) ...
#5 118.2 Selecting previously unselected package libjansson4:arm64.
#5 118.2 Preparing to unpack .../015-libjansson4_2.14-2_arm64.deb ...
#5 118.3 Unpacking libjansson4:arm64 (2.14-2) ...
#5 118.8 Selecting previously unselected package binutils-aarch64-linux-gnu.
#5 118.8 Preparing to unpack .../016-binutils-aarch64-linux-gnu_2.40-2_arm64.deb ...
#5 118.9 Unpacking binutils-aarch64-linux-gnu (2.40-2) ...
#5 120.5 Selecting previously unselected package binutils.
#5 120.5 Preparing to unpack .../017-binutils_2.40-2_arm64.deb ...
#5 120.5 Unpacking binutils (2.40-2) ...
#5 121.0 Selecting previously unselected package libicu72:arm64.
#5 121.0 Preparing to unpack .../018-libicu72_72.1-3+deb12u1_arm64.deb ...
#5 121.1 Unpacking libicu72:arm64 (72.1-3+deb12u1) ...
#5 124.2 Selecting previously unselected package libxml2:arm64.
#5 124.2 Preparing to unpack .../019-libxml2_2.9.14+dfsg-1.3~deb12u6_arm64.deb ...
#5 124.3 Unpacking libxml2:arm64 (2.9.14+dfsg-1.3~deb12u6) ...
#5 125.1 Selecting previously unselected package libarchive13:arm64.
#5 125.1 Preparing to unpack .../020-libarchive13_3.6.2-1+deb12u4_arm64.deb ...
#5 125.1 Unpacking libarchive13:arm64 (3.6.2-1+deb12u4) ...
#5 125.7 Selecting previously unselected package libbrotli1:arm64.
#5 125.7 Preparing to unpack .../021-libbrotli1_1.0.9-2+b6_arm64.deb ...
#5 125.8 Unpacking libbrotli1:arm64 (1.0.9-2+b6) ...
#5 126.2 Selecting previously unselected package libsasl2-modules-db:arm64.
#5 126.2 Preparing to unpack .../022-libsasl2-modules-db_2.1.28+dfsg-10_arm64.deb ...
#5 126.2 Unpacking libsasl2-modules-db:arm64 (2.1.28+dfsg-10) ...
#5 126.6 Selecting previously unselected package libsasl2-2:arm64.
#5 126.6 Preparing to unpack .../023-libsasl2-2_2.1.28+dfsg-10_arm64.deb ...
#5 126.6 Unpacking libsasl2-2:arm64 (2.1.28+dfsg-10) ...
#5 128.1 Selecting previously unselected package libldap-2.5-0:arm64.
#5 128.1 Preparing to unpack .../024-libldap-2.5-0_2.5.13+dfsg-5_arm64.deb ...
#5 128.2 Unpacking libldap-2.5-0:arm64 (2.5.13+dfsg-5) ...
#5 128.8 Selecting previously unselected package libnghttp2-14:arm64.
#5 128.8 Preparing to unpack .../025-libnghttp2-14_1.52.0-1+deb12u3_arm64.deb ...
#5 128.9 Unpacking libnghttp2-14:arm64 (1.52.0-1+deb12u3) ...
#5 129.5 Selecting previously unselected package libpsl5:arm64.
#5 129.5 Preparing to unpack .../026-libpsl5_0.21.2-1_arm64.deb ...
#5 129.5 Unpacking libpsl5:arm64 (0.21.2-1) ...
#5 130.0 Selecting previously unselected package librtmp1:arm64.
#5 130.0 Preparing to unpack .../027-librtmp1_2.4+20151223.gitfa8646d.1-2+b2_arm64.deb ...
#5 130.0 Unpacking librtmp1:arm64 (2.4+20151223.gitfa8646d.1-2+b2) ...
#5 130.3 Selecting previously unselected package libssh2-1:arm64.
#5 130.3 Preparing to unpack .../028-libssh2-1_1.10.0-3+b1_arm64.deb ...
#5 130.3 Unpacking libssh2-1:arm64 (1.10.0-3+b1) ...
#5 130.7 Selecting previously unselected package libcurl4:arm64.
#5 130.7 Preparing to unpack .../029-libcurl4_7.88.1-10+deb12u15_arm64.deb ...
#5 130.7 Unpacking libcurl4:arm64 (7.88.1-10+deb12u15) ...
#5 131.1 Selecting previously unselected package libjsoncpp25:arm64.
#5 131.1 Preparing to unpack .../030-libjsoncpp25_1.9.5-4_arm64.deb ...
#5 131.1 Unpacking libjsoncpp25:arm64 (1.9.5-4) ...
#5 131.5 Selecting previously unselected package librhash0:arm64.
#5 131.5 Preparing to unpack .../031-librhash0_1.4.3-3_arm64.deb ...
#5 131.5 Unpacking librhash0:arm64 (1.4.3-3) ...
#5 131.9 Selecting previously unselected package libuv1:arm64.
#5 131.9 Preparing to unpack .../032-libuv1_1.44.2-1+deb12u1_arm64.deb ...
#5 131.9 Unpacking libuv1:arm64 (1.44.2-1+deb12u1) ...
#5 132.2 Selecting previously unselected package cmake-data.
#5 132.2 Preparing to unpack .../033-cmake-data_3.25.1-1_all.deb ...
#5 132.4 Unpacking cmake-data (3.25.1-1) ...
#5 133.5 Selecting previously unselected package cmake.
#5 133.5 Preparing to unpack .../034-cmake_3.25.1-1_arm64.deb ...
#5 133.5 Unpacking cmake (3.25.1-1) ...
#5 136.2 Selecting previously unselected package libisl23:arm64.
#5 136.2 Preparing to unpack .../035-libisl23_0.25-1.1_arm64.deb ...
#5 136.2 Unpacking libisl23:arm64 (0.25-1.1) ...
#5 136.7 Selecting previously unselected package libmpfr6:arm64.
#5 136.7 Preparing to unpack .../036-libmpfr6_4.2.0-1_arm64.deb ...
#5 136.7 Unpacking libmpfr6:arm64 (4.2.0-1) ...
#5 137.1 Selecting previously unselected package libmpc3:arm64.
#5 137.1 Preparing to unpack .../037-libmpc3_1.3.1-1_arm64.deb ...
#5 137.1 Unpacking libmpc3:arm64 (1.3.1-1) ...
#5 137.4 Selecting previously unselected package cpp-12.
#5 137.4 Preparing to unpack .../038-cpp-12_12.2.0-14+deb12u1_arm64.deb ...
#5 137.4 Unpacking cpp-12 (12.2.0-14+deb12u1) ...
#5 140.3 Selecting previously unselected package cpp.
#5 140.3 Preparing to unpack .../039-cpp_4%3a12.2.0-3_arm64.deb ...
#5 140.3 Unpacking cpp (4:12.2.0-3) ...
#5 140.6 Selecting previously unselected package curl.
#5 140.6 Preparing to unpack .../040-curl_7.88.1-10+deb12u15_arm64.deb ...
#5 140.6 Unpacking curl (7.88.1-10+deb12u15) ...
#5 141.0 Selecting previously unselected package libcc1-0:arm64.
#5 141.0 Preparing to unpack .../041-libcc1-0_12.2.0-14+deb12u1_arm64.deb ...
#5 141.0 Unpacking libcc1-0:arm64 (12.2.0-14+deb12u1) ...
#5 141.3 Selecting previously unselected package libgomp1:arm64.
#5 141.3 Preparing to unpack .../042-libgomp1_12.2.0-14+deb12u1_arm64.deb ...
#5 141.3 Unpacking libgomp1:arm64 (12.2.0-14+deb12u1) ...
#5 141.6 Selecting previously unselected package libitm1:arm64.
#5 141.6 Preparing to unpack .../043-libitm1_12.2.0-14+deb12u1_arm64.deb ...
#5 141.6 Unpacking libitm1:arm64 (12.2.0-14+deb12u1) ...
#5 141.9 Selecting previously unselected package libatomic1:arm64.
#5 141.9 Preparing to unpack .../044-libatomic1_12.2.0-14+deb12u1_arm64.deb ...
#5 141.9 Unpacking libatomic1:arm64 (12.2.0-14+deb12u1) ...
#5 142.2 Selecting previously unselected package libasan8:arm64.
#5 142.2 Preparing to unpack .../045-libasan8_12.2.0-14+deb12u1_arm64.deb ...
#5 142.2 Unpacking libasan8:arm64 (12.2.0-14+deb12u1) ...
#5 143.3 Selecting previously unselected package liblsan0:arm64.
#5 143.4 Preparing to unpack .../046-liblsan0_12.2.0-14+deb12u1_arm64.deb ...
#5 143.4 Unpacking liblsan0:arm64 (12.2.0-14+deb12u1) ...
#5 144.0 Selecting previously unselected package libtsan2:arm64.
#5 144.0 Preparing to unpack .../047-libtsan2_12.2.0-14+deb12u1_arm64.deb ...
#5 144.0 Unpacking libtsan2:arm64 (12.2.0-14+deb12u1) ...
#5 145.2 Selecting previously unselected package libubsan1:arm64.
#5 145.2 Preparing to unpack .../048-libubsan1_12.2.0-14+deb12u1_arm64.deb ...
#5 145.2 Unpacking libubsan1:arm64 (12.2.0-14+deb12u1) ...
#5 145.9 Selecting previously unselected package libhwasan0:arm64.
#5 145.9 Preparing to unpack .../049-libhwasan0_12.2.0-14+deb12u1_arm64.deb ...
#5 145.9 Unpacking libhwasan0:arm64 (12.2.0-14+deb12u1) ...
#5 146.5 Selecting previously unselected package libgcc-12-dev:arm64.
#5 146.5 Preparing to unpack .../050-libgcc-12-dev_12.2.0-14+deb12u1_arm64.deb ...
#5 146.6 Unpacking libgcc-12-dev:arm64 (12.2.0-14+deb12u1) ...
#5 147.3 Selecting previously unselected package gcc-12.
#5 147.3 Preparing to unpack .../051-gcc-12_12.2.0-14+deb12u1_arm64.deb ...
#5 147.3 Unpacking gcc-12 (12.2.0-14+deb12u1) ...
#5 150.5 Selecting previously unselected package gcc.
#5 150.5 Preparing to unpack .../052-gcc_4%3a12.2.0-3_arm64.deb ...
#5 150.5 Unpacking gcc (4:12.2.0-3) ...
#5 150.8 Selecting previously unselected package libc-dev-bin.
#5 150.8 Preparing to unpack .../053-libc-dev-bin_2.36-9+deb12u14_arm64.deb ...
#5 150.8 Unpacking libc-dev-bin (2.36-9+deb12u14) ...
#5 151.2 Selecting previously unselected package linux-libc-dev:arm64.
#5 151.2 Preparing to unpack .../054-linux-libc-dev_6.1.176-1_arm64.deb ...
#5 151.2 Unpacking linux-libc-dev:arm64 (6.1.176-1) ...
#5 151.9 Selecting previously unselected package libcrypt-dev:arm64.
#5 151.9 Preparing to unpack .../055-libcrypt-dev_1%3a4.4.33-2_arm64.deb ...
#5 152.1 Unpacking libcrypt-dev:arm64 (1:4.4.33-2) ...
#5 152.4 Selecting previously unselected package libtirpc-dev:arm64.
#5 152.4 Preparing to unpack .../056-libtirpc-dev_1.3.3+ds-1_arm64.deb ...
#5 152.4 Unpacking libtirpc-dev:arm64 (1.3.3+ds-1) ...
#5 152.8 Selecting previously unselected package libnsl-dev:arm64.
#5 152.8 Preparing to unpack .../057-libnsl-dev_1.3.0-2_arm64.deb ...
#5 152.8 Unpacking libnsl-dev:arm64 (1.3.0-2) ...
#5 153.2 Selecting previously unselected package rpcsvc-proto.
#5 153.2 Preparing to unpack .../058-rpcsvc-proto_1.4.3-1_arm64.deb ...
#5 153.2 Unpacking rpcsvc-proto (1.4.3-1) ...
#5 153.6 Selecting previously unselected package libc6-dev:arm64.
#5 153.6 Preparing to unpack .../059-libc6-dev_2.36-9+deb12u14_arm64.deb ...
#5 153.6 Unpacking libc6-dev:arm64 (2.36-9+deb12u14) ...
#5 154.4 Selecting previously unselected package libstdc++-12-dev:arm64.
#5 154.4 Preparing to unpack .../060-libstdc++-12-dev_12.2.0-14+deb12u1_arm64.deb ...
#5 154.4 Unpacking libstdc++-12-dev:arm64 (12.2.0-14+deb12u1) ...
#5 155.4 Selecting previously unselected package g++-12.
#5 155.5 Preparing to unpack .../061-g++-12_12.2.0-14+deb12u1_arm64.deb ...
#5 155.5 Unpacking g++-12 (12.2.0-14+deb12u1) ...
#5 158.5 Selecting previously unselected package g++.
#5 158.6 Preparing to unpack .../062-g++_4%3a12.2.0-3_arm64.deb ...
#5 158.6 Unpacking g++ (4:12.2.0-3) ...
#5 158.9 Selecting previously unselected package libcurl3-gnutls:arm64.
#5 158.9 Preparing to unpack .../063-libcurl3-gnutls_7.88.1-10+deb12u15_arm64.deb ...
#5 158.9 Unpacking libcurl3-gnutls:arm64 (7.88.1-10+deb12u15) ...
#5 159.5 Selecting previously unselected package liberror-perl.
#5 159.5 Preparing to unpack .../064-liberror-perl_0.17029-2_all.deb ...
#5 159.6 Unpacking liberror-perl (0.17029-2) ...
#5 160.1 Selecting previously unselected package git-man.
#5 160.1 Preparing to unpack .../065-git-man_1%3a2.39.5-0+deb12u3_all.deb ...
#5 160.2 Unpacking git-man (1:2.39.5-0+deb12u3) ...
#5 161.2 Selecting previously unselected package git.
#5 161.2 Preparing to unpack .../066-git_1%3a2.39.5-0+deb12u3_arm64.deb ...
#5 161.4 Unpacking git (1:2.39.5-0+deb12u3) ...
#5 163.7 Selecting previously unselected package libasound2-data.
#5 163.7 Preparing to unpack .../067-libasound2-data_1.2.8-1_all.deb ...
#5 163.9 Unpacking libasound2-data (1.2.8-1) ...
#5 165.0 Selecting previously unselected package libasound2:arm64.
#5 165.0 Preparing to unpack .../068-libasound2_1.2.8-1+b1_arm64.deb ...
#5 165.2 Unpacking libasound2:arm64 (1.2.8-1+b1) ...
#5 166.5 Selecting previously unselected package libasound2-dev:arm64.
#5 166.6 Preparing to unpack .../069-libasound2-dev_1.2.8-1+b1_arm64.deb ...
#5 166.7 Unpacking libasound2-dev:arm64 (1.2.8-1+b1) ...
#5 167.1 Selecting previously unselected package uuid-dev:arm64.
#5 167.1 Preparing to unpack .../070-uuid-dev_2.38.1-5+deb12u3_arm64.deb ...
#5 167.1 Unpacking uuid-dev:arm64 (2.38.1-5+deb12u3) ...
#5 167.4 Selecting previously unselected package libblkid-dev:arm64.
#5 167.4 Preparing to unpack .../071-libblkid-dev_2.38.1-5+deb12u3_arm64.deb ...
#5 167.4 Unpacking libblkid-dev:arm64 (2.38.1-5+deb12u3) ...
#5 167.8 Selecting previously unselected package libelf1:arm64.
#5 167.9 Preparing to unpack .../072-libelf1_0.188-2.1_arm64.deb ...
#5 167.9 Unpacking libelf1:arm64 (0.188-2.1) ...
#5 168.2 Selecting previously unselected package libffi-dev:arm64.
#5 168.2 Preparing to unpack .../073-libffi-dev_3.4.4-1_arm64.deb ...
#5 168.2 Unpacking libffi-dev:arm64 (3.4.4-1) ...
#5 168.7 Selecting previously unselected package libglib2.0-0:arm64.
#5 168.7 Preparing to unpack .../074-libglib2.0-0_2.74.6-2+deb12u9_arm64.deb ...
#5 168.7 Unpacking libglib2.0-0:arm64 (2.74.6-2+deb12u9) ...
#5 169.4 Selecting previously unselected package libglib2.0-data.
#5 169.4 Preparing to unpack .../075-libglib2.0-data_2.74.6-2+deb12u9_all.deb ...
#5 169.4 Unpacking libglib2.0-data (2.74.6-2+deb12u9) ...
#5 170.3 Selecting previously unselected package libglib2.0-bin.
#5 170.3 Preparing to unpack .../076-libglib2.0-bin_2.74.6-2+deb12u9_arm64.deb ...
#5 170.3 Unpacking libglib2.0-bin (2.74.6-2+deb12u9) ...
#5 170.6 Selecting previously unselected package python3-lib2to3.
#5 170.6 Preparing to unpack .../077-python3-lib2to3_3.11.2-3_all.deb ...
#5 170.6 Unpacking python3-lib2to3 (3.11.2-3) ...
#5 171.0 Selecting previously unselected package python3-distutils.
#5 171.0 Preparing to unpack .../078-python3-distutils_3.11.2-3_all.deb ...
#5 171.0 Unpacking python3-distutils (3.11.2-3) ...
#5 171.3 Selecting previously unselected package libglib2.0-dev-bin.
#5 171.4 Preparing to unpack .../079-libglib2.0-dev-bin_2.74.6-2+deb12u9_arm64.deb ...
#5 171.4 Unpacking libglib2.0-dev-bin (2.74.6-2+deb12u9) ...
#5 171.7 Selecting previously unselected package libsepol-dev:arm64.
#5 171.7 Preparing to unpack .../080-libsepol-dev_3.4-2.1_arm64.deb ...
#5 171.7 Unpacking libsepol-dev:arm64 (3.4-2.1) ...
#5 172.2 Selecting previously unselected package libpcre2-16-0:arm64.
#5 172.2 Preparing to unpack .../081-libpcre2-16-0_10.42-1_arm64.deb ...
#5 172.2 Unpacking libpcre2-16-0:arm64 (10.42-1) ...
#5 172.6 Selecting previously unselected package libpcre2-32-0:arm64.
#5 172.6 Preparing to unpack .../082-libpcre2-32-0_10.42-1_arm64.deb ...
#5 172.6 Unpacking libpcre2-32-0:arm64 (10.42-1) ...
#5 173.0 Selecting previously unselected package libpcre2-posix3:arm64.
#5 173.0 Preparing to unpack .../083-libpcre2-posix3_10.42-1_arm64.deb ...
#5 173.0 Unpacking libpcre2-posix3:arm64 (10.42-1) ...
#5 173.7 Selecting previously unselected package libpcre2-dev:arm64.
#5 173.7 Preparing to unpack .../084-libpcre2-dev_10.42-1_arm64.deb ...
#5 173.7 Unpacking libpcre2-dev:arm64 (10.42-1) ...
#5 174.6 Selecting previously unselected package libselinux1-dev:arm64.
#5 174.6 Preparing to unpack .../085-libselinux1-dev_3.4-1+b6_arm64.deb ...
#5 174.6 Unpacking libselinux1-dev:arm64 (3.4-1+b6) ...
#5 175.3 Selecting previously unselected package libmount-dev:arm64.
#5 175.3 Preparing to unpack .../086-libmount-dev_2.38.1-5+deb12u3_arm64.deb ...
#5 175.3 Unpacking libmount-dev:arm64 (2.38.1-5+deb12u3) ...
#5 176.0 Selecting previously unselected package libpkgconf3:arm64.
#5 176.0 Preparing to unpack .../087-libpkgconf3_1.8.1-1_arm64.deb ...
#5 176.1 Unpacking libpkgconf3:arm64 (1.8.1-1) ...
#5 176.7 Selecting previously unselected package pkgconf-bin.
#5 176.7 Preparing to unpack .../088-pkgconf-bin_1.8.1-1_arm64.deb ...
#5 176.8 Unpacking pkgconf-bin (1.8.1-1) ...
#5 177.3 Selecting previously unselected package pkgconf:arm64.
#5 177.3 Preparing to unpack .../089-pkgconf_1.8.1-1_arm64.deb ...
#5 177.4 Unpacking pkgconf:arm64 (1.8.1-1) ...
#5 177.9 Selecting previously unselected package pkg-config:arm64.
#5 177.9 Preparing to unpack .../090-pkg-config_1.8.1-1_arm64.deb ...
#5 178.0 Unpacking pkg-config:arm64 (1.8.1-1) ...
#5 178.5 Selecting previously unselected package zlib1g-dev:arm64.
#5 178.5 Preparing to unpack .../091-zlib1g-dev_1%3a1.2.13.dfsg-1_arm64.deb ...
#5 178.5 Unpacking zlib1g-dev:arm64 (1:1.2.13.dfsg-1) ...
#5 179.0 Selecting previously unselected package libglib2.0-dev:arm64.
#5 179.0 Preparing to unpack .../092-libglib2.0-dev_2.74.6-2+deb12u9_arm64.deb ...
#5 179.0 Unpacking libglib2.0-dev:arm64 (2.74.6-2+deb12u9) ...
#5 180.0 Selecting previously unselected package libogg0:arm64.
#5 180.0 Preparing to unpack .../093-libogg0_1.3.5-3_arm64.deb ...
#5 180.0 Unpacking libogg0:arm64 (1.3.5-3) ...
#5 180.3 Selecting previously unselected package libogg-dev:arm64.
#5 180.3 Preparing to unpack .../094-libogg-dev_1.3.5-3_arm64.deb ...
#5 180.3 Unpacking libogg-dev:arm64 (1.3.5-3) ...
#5 180.7 Selecting previously unselected package libvorbis0a:arm64.
#5 180.7 Preparing to unpack .../095-libvorbis0a_1.3.7-1_arm64.deb ...
#5 180.7 Unpacking libvorbis0a:arm64 (1.3.7-1) ...
#5 181.1 Selecting previously unselected package libvorbisenc2:arm64.
#5 181.1 Preparing to unpack .../096-libvorbisenc2_1.3.7-1_arm64.deb ...
#5 181.1 Unpacking libvorbisenc2:arm64 (1.3.7-1) ...
#5 181.5 Selecting previously unselected package libvorbisfile3:arm64.
#5 181.5 Preparing to unpack .../097-libvorbisfile3_1.3.7-1_arm64.deb ...
#5 181.5 Unpacking libvorbisfile3:arm64 (1.3.7-1) ...
#5 181.8 Selecting previously unselected package libvorbis-dev:arm64.
#5 181.8 Preparing to unpack .../098-libvorbis-dev_1.3.7-1_arm64.deb ...
#5 181.8 Unpacking libvorbis-dev:arm64 (1.3.7-1) ...
#5 182.3 Selecting previously unselected package make.
#5 182.3 Preparing to unpack .../099-make_4.3-4.1_arm64.deb ...
#5 182.3 Unpacking make (4.3-4.1) ...
#5 182.8 Selecting previously unselected package ninja-build.
#5 182.8 Preparing to unpack .../100-ninja-build_1.11.1-2~deb12u1_arm64.deb ...
#5 182.8 Unpacking ninja-build (1.11.1-2~deb12u1) ...
#5 183.1 Selecting previously unselected package python3-pkg-resources.
#5 183.2 Preparing to unpack .../101-python3-pkg-resources_66.1.1-1+deb12u2_all.deb ...
#5 183.2 Unpacking python3-pkg-resources (66.1.1-1+deb12u2) ...
#5 183.6 Selecting previously unselected package python3-setuptools.
#5 183.6 Preparing to unpack .../102-python3-setuptools_66.1.1-1+deb12u2_all.deb ...
#5 183.6 Unpacking python3-setuptools (66.1.1-1+deb12u2) ...
#5 184.1 Selecting previously unselected package meson.
#5 184.1 Preparing to unpack .../103-meson_1.0.1-5_all.deb ...
#5 184.1 Unpacking meson (1.0.1-5) ...
#5 184.6 Selecting previously unselected package unzip.
#5 184.6 Preparing to unpack .../104-unzip_6.0-28_arm64.deb ...
#5 184.6 Unpacking unzip (6.0-28) ...
#5 184.9 Setting up media-types (10.0.0) ...
#5 185.0 Setting up libkeyutils1:arm64 (1.6.3-2) ...
#5 185.0 Setting up libpsl5:arm64 (0.21.2-1) ...
#5 185.0 Setting up libicu72:arm64 (72.1-3+deb12u1) ...
#5 185.0 Setting up libogg0:arm64 (1.3.5-3) ...
#5 185.1 Setting up libmagic-mgc (1:5.44-3) ...
#5 185.1 Setting up libglib2.0-0:arm64 (2.74.6-2+deb12u9) ...
#5 185.3 No schema files found: doing nothing.
#5 185.3 Setting up libtirpc-common (1.3.3+ds-1) ...
#5 185.4 Setting up unzip (6.0-28) ...
#5 185.5 Setting up libbrotli1:arm64 (1.0.9-2+b6) ...
#5 185.5 Setting up libsqlite3-0:arm64 (3.40.1-2+deb12u2) ...
#5 185.5 Setting up binutils-common:arm64 (2.40-2) ...
#5 185.6 Setting up libnghttp2-14:arm64 (1.52.0-1+deb12u3) ...
#5 185.6 Setting up libmagic1:arm64 (1:5.44-3) ...
#5 185.6 Setting up linux-libc-dev:arm64 (6.1.176-1) ...
#5 185.6 Setting up libctf-nobfd0:arm64 (2.40-2) ...
#5 185.7 Setting up file (1:5.44-3) ...
#5 185.7 Setting up libogg-dev:arm64 (1.3.5-3) ...
#5 185.7 Setting up libgomp1:arm64 (12.2.0-14+deb12u1) ...
#5 185.8 Setting up libffi-dev:arm64 (3.4.4-1) ...
#5 185.8 Setting up libpcre2-16-0:arm64 (10.42-1) ...
#5 185.8 Setting up ninja-build (1.11.1-2~deb12u1) ...
#5 185.8 Setting up libjansson4:arm64 (2.14-2) ...
#5 185.9 Setting up libkrb5support0:arm64 (1.20.1-2+deb12u5) ...
#5 185.9 Setting up libsasl2-modules-db:arm64 (2.1.28+dfsg-10) ...
#5 185.9 Setting up libasound2-data (1.2.8-1) ...
#5 186.0 Setting up perl-modules-5.36 (5.36.0-7+deb12u3) ...
#5 186.0 Setting up libpcre2-32-0:arm64 (10.42-1) ...
#5 186.0 Setting up libglib2.0-data (2.74.6-2+deb12u9) ...
#5 186.0 Setting up libpkgconf3:arm64 (1.8.1-1) ...
#5 186.1 Setting up libuv1:arm64 (1.44.2-1+deb12u1) ...
#5 186.1 Setting up rpcsvc-proto (1.4.3-1) ...
#5 186.1 Setting up make (4.3-4.1) ...
#5 186.1 Setting up libmpfr6:arm64 (4.2.0-1) ...
#5 186.2 Setting up librtmp1:arm64 (2.4+20151223.gitfa8646d.1-2+b2) ...
#5 186.2 Setting up libproc2-0:arm64 (2:4.0.2-3) ...
#5 186.2 Setting up libmpc3:arm64 (1.3.1-1) ...
#5 186.2 Setting up libatomic1:arm64 (12.2.0-14+deb12u1) ...
#5 186.3 Setting up libvorbis0a:arm64 (1.3.7-1) ...
#5 186.3 Setting up libjsoncpp25:arm64 (1.9.5-4) ...
#5 186.3 Setting up libsepol-dev:arm64 (3.4-2.1) ...
#5 186.3 Setting up pkgconf-bin (1.8.1-1) ...
#5 186.4 Setting up libncursesw6:arm64 (6.4-4) ...
#5 186.4 Setting up libk5crypto3:arm64 (1.20.1-2+deb12u5) ...
#5 186.4 Setting up libsasl2-2:arm64 (2.1.28+dfsg-10) ...
#5 186.4 Setting up libubsan1:arm64 (12.2.0-14+deb12u1) ...
#5 186.5 Setting up libpcre2-posix3:arm64 (10.42-1) ...
#5 186.5 Setting up libhwasan0:arm64 (12.2.0-14+deb12u1) ...
#5 186.5 Setting up librhash0:arm64 (1.4.3-3) ...
#5 186.5 Setting up libcrypt-dev:arm64 (1:4.4.33-2) ...
#5 186.7 Setting up libasan8:arm64 (12.2.0-14+deb12u1) ...
#5 186.8 Setting up procps (2:4.0.2-3) ...
#5 187.5 Setting up libasound2:arm64 (1.2.8-1+b1) ...
#5 187.5 Setting up git-man (1:2.39.5-0+deb12u3) ...
#5 187.6 Setting up libssh2-1:arm64 (1.10.0-3+b1) ...
#5 187.6 Setting up cmake-data (3.25.1-1) ...
#5 187.8 Setting up libkrb5-3:arm64 (1.20.1-2+deb12u5) ...
#5 187.8 Setting up libtsan2:arm64 (12.2.0-14+deb12u1) ...
#5 187.8 Setting up libbinutils:arm64 (2.40-2) ...
#5 187.9 Setting up libisl23:arm64 (0.25-1.1) ...
#5 187.9 Setting up libasound2-dev:arm64 (1.2.8-1+b1) ...
#5 187.9 Setting up libc-dev-bin (2.36-9+deb12u14) ...
#5 187.9 Setting up openssl (3.0.20-1~deb12u2) ...
#5 188.1 Setting up libelf1:arm64 (0.188-2.1) ...
#5 188.1 Setting up readline-common (8.2-1.3) ...
#5 188.2 Setting up libxml2:arm64 (2.9.14+dfsg-1.3~deb12u6) ...
#5 188.2 Setting up libcc1-0:arm64 (12.2.0-14+deb12u1) ...
#5 188.2 Setting up liblsan0:arm64 (12.2.0-14+deb12u1) ...
#5 188.3 Setting up libitm1:arm64 (12.2.0-14+deb12u1) ...
#5 188.3 Setting up libvorbisenc2:arm64 (1.3.7-1) ...
#5 188.3 Setting up libgdbm6:arm64 (1.23-3) ...
#5 188.3 Setting up libpopt0:arm64 (1.19+dfsg-1) ...
#5 188.4 Setting up libctf0:arm64 (2.40-2) ...
#5 188.4 Setting up cpp-12 (12.2.0-14+deb12u1) ...
#5 188.4 Setting up libarchive13:arm64 (3.6.2-1+deb12u4) ...
#5 188.4 Setting up libreadline8:arm64 (8.2-1.3) ...
#5 188.5 Setting up libglib2.0-bin (2.74.6-2+deb12u9) ...
#5 188.5 Setting up libldap-2.5-0:arm64 (2.5.13+dfsg-5) ...
#5 188.5 Setting up pkgconf:arm64 (1.8.1-1) ...
#5 188.5 Setting up ca-certificates (20230311+deb12u1) ...
#5 202.6 Updating certificates in /etc/ssl/certs...
#5 224.8 142 added, 0 removed; done.
#5 225.2 Setting up libvorbisfile3:arm64 (1.3.7-1) ...
#5 225.4 Setting up libgprofng0:arm64 (2.40-2) ...
#5 225.5 Setting up libgcc-12-dev:arm64 (12.2.0-14+deb12u1) ...
#5 225.7 Setting up libgssapi-krb5-2:arm64 (1.20.1-2+deb12u5) ...
#5 225.9 Setting up pkg-config:arm64 (1.8.1-1) ...
#5 226.0 Setting up libgdbm-compat4:arm64 (1.23-3) ...
#5 226.1 Setting up cpp (4:12.2.0-3) ...
#5 226.4 Setting up libcurl4:arm64 (7.88.1-10+deb12u15) ...
#5 226.5 Setting up curl (7.88.1-10+deb12u15) ...
#5 226.7 Setting up libperl5.36:arm64 (5.36.0-7+deb12u3) ...
#5 226.8 Setting up rsync (3.2.7-1+deb12u6) ...
#5 227.4 invoke-rc.d: could not determine current runlevel
#5 227.5 invoke-rc.d: policy-rc.d denied execution of start.
#5 228.6 Setting up libvorbis-dev:arm64 (1.3.7-1) ...
#5 228.8 Setting up libtirpc3:arm64 (1.3.3+ds-1) ...
#5 228.9 Setting up binutils-aarch64-linux-gnu (2.40-2) ...
#5 229.1 Setting up libcurl3-gnutls:arm64 (7.88.1-10+deb12u15) ...
#5 229.2 Setting up binutils (2.40-2) ...
#5 229.3 Setting up perl (5.36.0-7+deb12u3) ...
#5 229.7 Setting up libtirpc-dev:arm64 (1.3.3+ds-1) ...
#5 229.9 Setting up gcc-12 (12.2.0-14+deb12u1) ...
#5 230.0 Setting up libnsl2:arm64 (1.3.0-2) ...
#5 230.1 Setting up cmake (3.25.1-1) ...
#5 230.3 Setting up libpython3.11-stdlib:arm64 (3.11.2-6+deb12u8) ...
#5 230.4 Setting up gcc (4:12.2.0-3) ...
#5 230.8 Setting up liberror-perl (0.17029-2) ...
#5 230.9 Setting up git (1:2.39.5-0+deb12u3) ...
#5 231.3 Setting up libnsl-dev:arm64 (1.3.0-2) ...
#5 231.5 Setting up libc6-dev:arm64 (2.36-9+deb12u14) ...
#5 231.6 Setting up libpython3-stdlib:arm64 (3.11.2-1+b1) ...
#5 231.7 Setting up python3.11 (3.11.2-6+deb12u8) ...
#5 239.1 Setting up libpcre2-dev:arm64 (10.42-1) ...
#5 239.2 Setting up libstdc++-12-dev:arm64 (12.2.0-14+deb12u1) ...
#5 239.3 Setting up libselinux1-dev:arm64 (3.4-1+b6) ...
#5 239.5 Setting up python3 (3.11.2-1+b1) ...
#5 244.8 Setting up uuid-dev:arm64 (2.38.1-5+deb12u3) ...
#5 244.9 Setting up zlib1g-dev:arm64 (1:1.2.13.dfsg-1) ...
#5 245.0 Setting up python3-lib2to3 (3.11.2-3) ...
#5 246.6 Setting up g++-12 (12.2.0-14+deb12u1) ...
#5 246.8 Setting up python3-pkg-resources (66.1.1-1+deb12u2) ...
#5 250.6 Setting up python3-distutils (3.11.2-3) ...
#5 252.4 Setting up libglib2.0-dev-bin (2.74.6-2+deb12u9) ...
#5 254.6 Setting up libblkid-dev:arm64 (2.38.1-5+deb12u3) ...
#5 254.8 Setting up python3-setuptools (66.1.1-1+deb12u2) ...
#5 260.4 Setting up meson (1.0.1-5) ...
#5 268.1 Setting up g++ (4:12.2.0-3) ...
#5 268.2 update-alternatives: using /usr/bin/g++ to provide /usr/bin/c++ (c++) in auto mode
#5 268.2 Setting up libmount-dev:arm64 (2.38.1-5+deb12u3) ...
#5 268.2 Setting up libglib2.0-dev:arm64 (2.74.6-2+deb12u9) ...
#5 268.3 Processing triggers for libc-bin (2.36-9+deb12u14) ...
#5 268.4 Processing triggers for ca-certificates (20230311+deb12u1) ...
#5 268.6 Updating certificates in /etc/ssl/certs...
#5 285.5 0 added, 0 removed; done.
#5 285.5 Running hooks in /etc/ca-certificates/update.d...
#5 285.5 done.
#5 DONE 286.0s

#6 [3/4] RUN git config --system --add safe.directory /work  && git config --system --add safe.directory '*'
#6 DONE 0.5s

#7 [4/4] WORKDIR /work
#7 DONE 0.1s

#8 exporting to image
#8 exporting layers
#8 exporting layers 5.1s done
#8 writing image sha256:ffe2c1bfc409b7baa0ff8965097b825694f9909546d1dae44c617c3a788388f5 done
#8 naming to docker.io/library/wpebuild:cpp done
#8 DONE 5.2s
